----------------
; Command Info ;
----------------
Report Timing: Found 10 setup paths (10 violated).  Worst case slack is -3.415 

Tcl Command:
    report_timing -setup -file quartus_paths.rpt -npaths 10 -detail path_only

Options:
    -setup 
    -npaths 10 
    -detail path_only 
    -file {quartus_paths.rpt} 

Delay Model:
    Slow 1100mV 85C Model

+-----------------------------------------------------------------------------------------------------------------------------------------------------------------------------------------------------------------------------+
; Summary of Paths                                                                                                                                                                                                            ;
+--------+----------------------------------------------------------------------------------------------------------------------------+-----------------+--------------+-------------+--------------+------------+------------+
; Slack  ; From Node                                                                                                                  ; To Node         ; Launch Clock ; Latch Clock ; Relationship ; Clock Skew ; Data Delay ;
+--------+----------------------------------------------------------------------------------------------------------------------------+-----------------+--------------+-------------+--------------+------------+------------+
; -3.415 ; dma_channel:u_ch0|dma_fifo:u_fifo|altsyncram:mem_rtl_0|altsyncram_smi1:auto_generated|ram_block1a0~PORT_B_WRITE_ENABLE_REG ; m_axi_wdata[3]  ; clk          ; clk         ; 10.000       ; -8.170     ; 3.185      ;
; -3.349 ; dma_channel:u_ch0|dma_fifo:u_fifo|altsyncram:mem_rtl_0|altsyncram_smi1:auto_generated|ram_block1a0~PORT_B_WRITE_ENABLE_REG ; m_axi_wdata[20] ; clk          ; clk         ; 10.000       ; -8.170     ; 3.119      ;
; -3.228 ; dma_channel:u_ch0|dma_fifo:u_fifo|altsyncram:mem_rtl_0|altsyncram_smi1:auto_generated|ram_block1a0~PORT_B_WRITE_ENABLE_REG ; m_axi_wdata[15] ; clk          ; clk         ; 10.000       ; -8.170     ; 2.998      ;
; -3.153 ; dma_channel:u_ch1|dma_fifo:u_fifo|altsyncram:mem_rtl_0|altsyncram_smi1:auto_generated|ram_block1a0~PORT_B_WRITE_ENABLE_REG ; m_axi_wdata[29] ; clk          ; clk         ; 10.000       ; -8.171     ; 2.922      ;
; -3.134 ; dma_channel:u_ch0|dma_fifo:u_fifo|altsyncram:mem_rtl_0|altsyncram_smi1:auto_generated|ram_block1a0~PORT_B_WRITE_ENABLE_REG ; m_axi_wdata[19] ; clk          ; clk         ; 10.000       ; -8.170     ; 2.904      ;
; -3.094 ; dma_channel:u_ch1|dma_fifo:u_fifo|mem_rtl_0_bypass[10]                                                                     ; m_axi_wdata[22] ; clk          ; clk         ; 10.000       ; -6.032     ; 5.002      ;
; -3.091 ; dma_channel:u_ch0|dma_fifo:u_fifo|altsyncram:mem_rtl_0|altsyncram_smi1:auto_generated|ram_block1a0~PORT_B_WRITE_ENABLE_REG ; m_axi_wdata[17] ; clk          ; clk         ; 10.000       ; -8.170     ; 2.861      ;
; -3.067 ; dma_channel:u_ch1|dma_fifo:u_fifo|mem_rtl_0_bypass[10]                                                                     ; m_axi_wdata[1]  ; clk          ; clk         ; 10.000       ; -6.032     ; 4.975      ;
; -3.060 ; dma_channel:u_ch1|dma_fifo:u_fifo|mem_rtl_0_bypass[10]                                                                     ; m_axi_wdata[19] ; clk          ; clk         ; 10.000       ; -6.032     ; 4.968      ;
; -3.057 ; dma_channel:u_ch0|dma_fifo:u_fifo|altsyncram:mem_rtl_0|altsyncram_smi1:auto_generated|ram_block1a0~PORT_B_WRITE_ENABLE_REG ; m_axi_wdata[7]  ; clk          ; clk         ; 10.000       ; -8.170     ; 2.827      ;
+--------+----------------------------------------------------------------------------------------------------------------------------+-----------------+--------------+-------------+--------------+------------+------------+

Path #1: Setup slack is -3.415 (VIOLATED)
===============================================================================
+-------------------------------------------------------------------------------------------------------------------------------------------------+
; Path Summary                                                                                                                                    ;
+--------------------+----------------------------------------------------------------------------------------------------------------------------+
; Property           ; Value                                                                                                                      ;
+--------------------+----------------------------------------------------------------------------------------------------------------------------+
; From Node          ; dma_channel:u_ch0|dma_fifo:u_fifo|altsyncram:mem_rtl_0|altsyncram_smi1:auto_generated|ram_block1a0~PORT_B_WRITE_ENABLE_REG ;
; To Node            ; m_axi_wdata[3]                                                                                                             ;
; Launch Clock       ; clk                                                                                                                        ;
; Latch Clock        ; clk                                                                                                                        ;
; Data Arrival Time  ; 11.355                                                                                                                     ;
; Data Required Time ; 7.940                                                                                                                      ;
; Slack              ; -3.415 (VIOLATED)                                                                                                          ;
+--------------------+----------------------------------------------------------------------------------------------------------------------------+

+---------------------------------------------------------------------------------------+
; Statistics                                                                            ;
+---------------------------+--------+-------+-------------+------------+-------+-------+
; Property                  ; Value  ; Count ; Total Delay ; % of Total ; Min   ; Max   ;
+---------------------------+--------+-------+-------------+------------+-------+-------+
; Setup Relationship        ; 10.000 ;       ;             ;            ;       ;       ;
; Clock Skew                ; -8.170 ;       ;             ;            ;       ;       ;
; Data Delay                ; 3.185  ;       ;             ;            ;       ;       ;
; Number of Logic Levels    ;        ; 2     ;             ;            ;       ;       ;
; Physical Delays           ;        ;       ;             ;            ;       ;       ;
;  Arrival Path             ;        ;       ;             ;            ;       ;       ;
;   Clock                   ;        ;       ;             ;            ;       ;       ;
;    Clock Network (Lumped) ;        ; 1     ; 8.170       ; 100        ; 8.170 ; 8.170 ;
;   Data                    ;        ;       ;             ;            ;       ;       ;
;    IC                     ;        ; 3     ; 2.482       ; 78         ; 0.660 ; 1.006 ;
;    Cell                   ;        ; 4     ; 0.703       ; 22         ; 0.000 ; 0.410 ;
;    uTco                   ;        ; 1     ; 0.000       ; 0          ; 0.000 ; 0.000 ;
;  Required Path            ;        ;       ;             ;            ;       ;       ;
;   Clock                   ;        ;       ;             ;            ;       ;       ;
;    Clock Network (Lumped) ;        ; 1     ; 0.000       ;            ; 0.000 ; 0.000 ;
+---------------------------+--------+-------+-------------+------------+-------+-------+
Note: Negative delays are omitted from totals when calculating percentages

+--------------------------------------------------------------------------------------------------------------------------------------------------------------------------------------------+
; Data Arrival Path                                                                                                                                                                          ;
+----------+---------+----+------+--------+---------------------+----------------------------------------------------------------------------------------------------------------------------+
; Total    ; Incr    ; RF ; Type ; Fanout ; Location            ; Element                                                                                                                    ;
+----------+---------+----+------+--------+---------------------+----------------------------------------------------------------------------------------------------------------------------+
; 0.000    ; 0.000   ;    ;      ;        ;                     ; launch edge time                                                                                                           ;
; 8.170    ; 8.170   ;    ;      ;        ;                     ; clock path                                                                                                                 ;
;   8.170  ;   8.170 ; R  ;      ;        ;                     ; clock network delay                                                                                                        ;
; 11.355   ; 3.185   ;    ;      ;        ;                     ; data path                                                                                                                  ;
;   8.170  ;   0.000 ;    ; uTco ; 32     ; M10K_X76_Y41_N0     ; dma_channel:u_ch0|dma_fifo:u_fifo|altsyncram:mem_rtl_0|altsyncram_smi1:auto_generated|ram_block1a0~PORT_B_WRITE_ENABLE_REG ;
;   8.373  ;   0.203 ; RF ; CELL ; 1      ; M10K_X76_Y41_N0     ; u_ch0|u_fifo|mem_rtl_0|auto_generated|ram_block1a0|portbdataout[3]                                                         ;
;   9.189  ;   0.816 ; FF ; IC   ; 1      ; LABCELL_X77_Y41_N15 ; u_ch0|u_fifo|mem~6|dataf                                                                                                   ;
;   9.279  ;   0.090 ; FF ; CELL ; 2      ; LABCELL_X77_Y41_N15 ; u_ch0|u_fifo|mem~6|combout                                                                                                 ;
;   9.939  ;   0.660 ; FF ; IC   ; 1      ; LABCELL_X77_Y41_N36 ; u_mux|m_axi_wdata[3]~3|datad                                                                                               ;
;   10.349 ;   0.410 ; FF ; CELL ; 1      ; LABCELL_X77_Y41_N36 ; u_mux|m_axi_wdata[3]~3|combout                                                                                             ;
;   11.355 ;   1.006 ; FF ; IC   ; 1      ; MLABCELL_X78_Y42_N3 ; m_axi_wdata[3]|dataf                                                                                                       ;
;   11.355 ;   0.000 ; FF ; CELL ; 0      ; MLABCELL_X78_Y42_N3 ; m_axi_wdata[3]                                                                                                             ;
+----------+---------+----+------+--------+---------------------+----------------------------------------------------------------------------------------------------------------------------+

+-------------------------------------------------------------------------------------+
; Data Required Path                                                                  ;
+----------+---------+----+------+--------+---------------------+---------------------+
; Total    ; Incr    ; RF ; Type ; Fanout ; Location            ; Element             ;
+----------+---------+----+------+--------+---------------------+---------------------+
; 10.000   ; 10.000  ;    ;      ;        ;                     ; latch edge time     ;
; 10.000   ; 0.000   ;    ;      ;        ;                     ; clock path          ;
;   10.000 ;   0.000 ; R  ;      ;        ;                     ; clock network delay ;
; 9.940    ; -0.060  ;    ;      ;        ;                     ; clock uncertainty   ;
; 7.940    ; -2.000  ; F  ; oExt ; 0      ; MLABCELL_X78_Y42_N3 ; m_axi_wdata[3]      ;
+----------+---------+----+------+--------+---------------------+---------------------+

----------------------------
; Extra Fitter Information ;
----------------------------
HTML report is unavailable in plain text report export.


Path #2: Setup slack is -3.349 (VIOLATED)
===============================================================================
+-------------------------------------------------------------------------------------------------------------------------------------------------+
; Path Summary                                                                                                                                    ;
+--------------------+----------------------------------------------------------------------------------------------------------------------------+
; Property           ; Value                                                                                                                      ;
+--------------------+----------------------------------------------------------------------------------------------------------------------------+
; From Node          ; dma_channel:u_ch0|dma_fifo:u_fifo|altsyncram:mem_rtl_0|altsyncram_smi1:auto_generated|ram_block1a0~PORT_B_WRITE_ENABLE_REG ;
; To Node            ; m_axi_wdata[20]                                                                                                            ;
; Launch Clock       ; clk                                                                                                                        ;
; Latch Clock        ; clk                                                                                                                        ;
; Data Arrival Time  ; 11.289                                                                                                                     ;
; Data Required Time ; 7.940                                                                                                                      ;
; Slack              ; -3.349 (VIOLATED)                                                                                                          ;
+--------------------+----------------------------------------------------------------------------------------------------------------------------+

+---------------------------------------------------------------------------------------+
; Statistics                                                                            ;
+---------------------------+--------+-------+-------------+------------+-------+-------+
; Property                  ; Value  ; Count ; Total Delay ; % of Total ; Min   ; Max   ;
+---------------------------+--------+-------+-------------+------------+-------+-------+
; Setup Relationship        ; 10.000 ;       ;             ;            ;       ;       ;
; Clock Skew                ; -8.170 ;       ;             ;            ;       ;       ;
; Data Delay                ; 3.119  ;       ;             ;            ;       ;       ;
; Number of Logic Levels    ;        ; 2     ;             ;            ;       ;       ;
; Physical Delays           ;        ;       ;             ;            ;       ;       ;
;  Arrival Path             ;        ;       ;             ;            ;       ;       ;
;   Clock                   ;        ;       ;             ;            ;       ;       ;
;    Clock Network (Lumped) ;        ; 1     ; 8.170       ; 100        ; 8.170 ; 8.170 ;
;   Data                    ;        ;       ;             ;            ;       ;       ;
;    IC                     ;        ; 3     ; 1.908       ; 61         ; 0.581 ; 0.714 ;
;    Cell                   ;        ; 4     ; 1.211       ; 39         ; 0.000 ; 0.558 ;
;    uTco                   ;        ; 1     ; 0.000       ; 0          ; 0.000 ; 0.000 ;
;  Required Path            ;        ;       ;             ;            ;       ;       ;
;   Clock                   ;        ;       ;             ;            ;       ;       ;
;    Clock Network (Lumped) ;        ; 1     ; 0.000       ;            ; 0.000 ; 0.000 ;
+---------------------------+--------+-------+-------------+------------+-------+-------+
Note: Negative delays are omitted from totals when calculating percentages

+--------------------------------------------------------------------------------------------------------------------------------------------------------------------------------------------+
; Data Arrival Path                                                                                                                                                                          ;
+----------+---------+----+------+--------+---------------------+----------------------------------------------------------------------------------------------------------------------------+
; Total    ; Incr    ; RF ; Type ; Fanout ; Location            ; Element                                                                                                                    ;
+----------+---------+----+------+--------+---------------------+----------------------------------------------------------------------------------------------------------------------------+
; 0.000    ; 0.000   ;    ;      ;        ;                     ; launch edge time                                                                                                           ;
; 8.170    ; 8.170   ;    ;      ;        ;                     ; clock path                                                                                                                 ;
;   8.170  ;   8.170 ; R  ;      ;        ;                     ; clock network delay                                                                                                        ;
; 11.289   ; 3.119   ;    ;      ;        ;                     ; data path                                                                                                                  ;
;   8.170  ;   0.000 ;    ; uTco ; 32     ; M10K_X76_Y41_N0     ; dma_channel:u_ch0|dma_fifo:u_fifo|altsyncram:mem_rtl_0|altsyncram_smi1:auto_generated|ram_block1a0~PORT_B_WRITE_ENABLE_REG ;
;   8.413  ;   0.243 ; RF ; CELL ; 1      ; M10K_X76_Y41_N0     ; u_ch0|u_fifo|mem_rtl_0|auto_generated|ram_block1a0|portbdataout[20]                                                        ;
;   9.127  ;   0.714 ; FF ; IC   ; 1      ; LABCELL_X77_Y41_N24 ; u_ch0|u_fifo|mem~23|datad                                                                                                  ;
;   9.537  ;   0.410 ; FF ; CELL ; 2      ; LABCELL_X77_Y41_N24 ; u_ch0|u_fifo|mem~23|combout                                                                                                ;
;   10.150 ;   0.613 ; FF ; IC   ; 1      ; LABCELL_X77_Y41_N51 ; u_mux|m_axi_wdata[20]~20|datac                                                                                             ;
;   10.708 ;   0.558 ; FF ; CELL ; 1      ; LABCELL_X77_Y41_N51 ; u_mux|m_axi_wdata[20]~20|combout                                                                                           ;
;   11.289 ;   0.581 ; FF ; IC   ; 1      ; LABCELL_X74_Y41_N48 ; m_axi_wdata[20]|dataf                                                                                                      ;
;   11.289 ;   0.000 ; FF ; CELL ; 0      ; LABCELL_X74_Y41_N48 ; m_axi_wdata[20]                                                                                                            ;
+----------+---------+----+------+--------+---------------------+----------------------------------------------------------------------------------------------------------------------------+

+-------------------------------------------------------------------------------------+
; Data Required Path                                                                  ;
+----------+---------+----+------+--------+---------------------+---------------------+
; Total    ; Incr    ; RF ; Type ; Fanout ; Location            ; Element             ;
+----------+---------+----+------+--------+---------------------+---------------------+
; 10.000   ; 10.000  ;    ;      ;        ;                     ; latch edge time     ;
; 10.000   ; 0.000   ;    ;      ;        ;                     ; clock path          ;
;   10.000 ;   0.000 ; R  ;      ;        ;                     ; clock network delay ;
; 9.940    ; -0.060  ;    ;      ;        ;                     ; clock uncertainty   ;
; 7.940    ; -2.000  ; F  ; oExt ; 0      ; LABCELL_X74_Y41_N48 ; m_axi_wdata[20]     ;
+----------+---------+----+------+--------+---------------------+---------------------+

----------------------------
; Extra Fitter Information ;
----------------------------
HTML report is unavailable in plain text report export.


Path #3: Setup slack is -3.228 (VIOLATED)
===============================================================================
+-------------------------------------------------------------------------------------------------------------------------------------------------+
; Path Summary                                                                                                                                    ;
+--------------------+----------------------------------------------------------------------------------------------------------------------------+
; Property           ; Value                                                                                                                      ;
+--------------------+----------------------------------------------------------------------------------------------------------------------------+
; From Node          ; dma_channel:u_ch0|dma_fifo:u_fifo|altsyncram:mem_rtl_0|altsyncram_smi1:auto_generated|ram_block1a0~PORT_B_WRITE_ENABLE_REG ;
; To Node            ; m_axi_wdata[15]                                                                                                            ;
; Launch Clock       ; clk                                                                                                                        ;
; Latch Clock        ; clk                                                                                                                        ;
; Data Arrival Time  ; 11.168                                                                                                                     ;
; Data Required Time ; 7.940                                                                                                                      ;
; Slack              ; -3.228 (VIOLATED)                                                                                                          ;
+--------------------+----------------------------------------------------------------------------------------------------------------------------+

+---------------------------------------------------------------------------------------+
; Statistics                                                                            ;
+---------------------------+--------+-------+-------------+------------+-------+-------+
; Property                  ; Value  ; Count ; Total Delay ; % of Total ; Min   ; Max   ;
+---------------------------+--------+-------+-------------+------------+-------+-------+
; Setup Relationship        ; 10.000 ;       ;             ;            ;       ;       ;
; Clock Skew                ; -8.170 ;       ;             ;            ;       ;       ;
; Data Delay                ; 2.998  ;       ;             ;            ;       ;       ;
; Number of Logic Levels    ;        ; 2     ;             ;            ;       ;       ;
; Physical Delays           ;        ;       ;             ;            ;       ;       ;
;  Arrival Path             ;        ;       ;             ;            ;       ;       ;
;   Clock                   ;        ;       ;             ;            ;       ;       ;
;    Clock Network (Lumped) ;        ; 1     ; 8.170       ; 100        ; 8.170 ; 8.170 ;
;   Data                    ;        ;       ;             ;            ;       ;       ;
;    IC                     ;        ; 3     ; 2.681       ; 89         ; 0.465 ; 1.194 ;
;    Cell                   ;        ; 4     ; 0.317       ; 11         ; 0.000 ; 0.138 ;
;    uTco                   ;        ; 1     ; 0.000       ; 0          ; 0.000 ; 0.000 ;
;  Required Path            ;        ;       ;             ;            ;       ;       ;
;   Clock                   ;        ;       ;             ;            ;       ;       ;
;    Clock Network (Lumped) ;        ; 1     ; 0.000       ;            ; 0.000 ; 0.000 ;
+---------------------------+--------+-------+-------------+------------+-------+-------+
Note: Negative delays are omitted from totals when calculating percentages

+---------------------------------------------------------------------------------------------------------------------------------------------------------------------------------------------+
; Data Arrival Path                                                                                                                                                                           ;
+----------+---------+----+------+--------+----------------------+----------------------------------------------------------------------------------------------------------------------------+
; Total    ; Incr    ; RF ; Type ; Fanout ; Location             ; Element                                                                                                                    ;
+----------+---------+----+------+--------+----------------------+----------------------------------------------------------------------------------------------------------------------------+
; 0.000    ; 0.000   ;    ;      ;        ;                      ; launch edge time                                                                                                           ;
; 8.170    ; 8.170   ;    ;      ;        ;                      ; clock path                                                                                                                 ;
;   8.170  ;   8.170 ; R  ;      ;        ;                      ; clock network delay                                                                                                        ;
; 11.168   ; 2.998   ;    ;      ;        ;                      ; data path                                                                                                                  ;
;   8.170  ;   0.000 ;    ; uTco ; 32     ; M10K_X76_Y41_N0      ; dma_channel:u_ch0|dma_fifo:u_fifo|altsyncram:mem_rtl_0|altsyncram_smi1:auto_generated|ram_block1a0~PORT_B_WRITE_ENABLE_REG ;
;   8.308  ;   0.138 ; RF ; CELL ; 1      ; M10K_X76_Y41_N0      ; u_ch0|u_fifo|mem_rtl_0|auto_generated|ram_block1a0|portbdataout[15]                                                        ;
;   9.330  ;   1.022 ; FF ; IC   ; 1      ; LABCELL_X77_Y41_N0   ; u_ch0|u_fifo|mem~18|dataf                                                                                                  ;
;   9.422  ;   0.092 ; FF ; CELL ; 2      ; LABCELL_X77_Y41_N0   ; u_ch0|u_fifo|mem~18|combout                                                                                                ;
;   10.616 ;   1.194 ; FF ; IC   ; 1      ; LABCELL_X77_Y40_N3   ; u_mux|m_axi_wdata[15]~15|dataf                                                                                             ;
;   10.703 ;   0.087 ; FF ; CELL ; 1      ; LABCELL_X77_Y40_N3   ; u_mux|m_axi_wdata[15]~15|combout                                                                                           ;
;   11.168 ;   0.465 ; FF ; IC   ; 1      ; MLABCELL_X78_Y40_N21 ; m_axi_wdata[15]|dataf                                                                                                      ;
;   11.168 ;   0.000 ; FF ; CELL ; 0      ; MLABCELL_X78_Y40_N21 ; m_axi_wdata[15]                                                                                                            ;
+----------+---------+----+------+--------+----------------------+----------------------------------------------------------------------------------------------------------------------------+

+--------------------------------------------------------------------------------------+
; Data Required Path                                                                   ;
+----------+---------+----+------+--------+----------------------+---------------------+
; Total    ; Incr    ; RF ; Type ; Fanout ; Location             ; Element             ;
+----------+---------+----+------+--------+----------------------+---------------------+
; 10.000   ; 10.000  ;    ;      ;        ;                      ; latch edge time     ;
; 10.000   ; 0.000   ;    ;      ;        ;                      ; clock path          ;
;   10.000 ;   0.000 ; R  ;      ;        ;                      ; clock network delay ;
; 9.940    ; -0.060  ;    ;      ;        ;                      ; clock uncertainty   ;
; 7.940    ; -2.000  ; F  ; oExt ; 0      ; MLABCELL_X78_Y40_N21 ; m_axi_wdata[15]     ;
+----------+---------+----+------+--------+----------------------+---------------------+

----------------------------
; Extra Fitter Information ;
----------------------------
HTML report is unavailable in plain text report export.


Path #4: Setup slack is -3.153 (VIOLATED)
===============================================================================
+-------------------------------------------------------------------------------------------------------------------------------------------------+
; Path Summary                                                                                                                                    ;
+--------------------+----------------------------------------------------------------------------------------------------------------------------+
; Property           ; Value                                                                                                                      ;
+--------------------+----------------------------------------------------------------------------------------------------------------------------+
; From Node          ; dma_channel:u_ch1|dma_fifo:u_fifo|altsyncram:mem_rtl_0|altsyncram_smi1:auto_generated|ram_block1a0~PORT_B_WRITE_ENABLE_REG ;
; To Node            ; m_axi_wdata[29]                                                                                                            ;
; Launch Clock       ; clk                                                                                                                        ;
; Latch Clock        ; clk                                                                                                                        ;
; Data Arrival Time  ; 11.093                                                                                                                     ;
; Data Required Time ; 7.940                                                                                                                      ;
; Slack              ; -3.153 (VIOLATED)                                                                                                          ;
+--------------------+----------------------------------------------------------------------------------------------------------------------------+

+---------------------------------------------------------------------------------------+
; Statistics                                                                            ;
+---------------------------+--------+-------+-------------+------------+-------+-------+
; Property                  ; Value  ; Count ; Total Delay ; % of Total ; Min   ; Max   ;
+---------------------------+--------+-------+-------------+------------+-------+-------+
; Setup Relationship        ; 10.000 ;       ;             ;            ;       ;       ;
; Clock Skew                ; -8.171 ;       ;             ;            ;       ;       ;
; Data Delay                ; 2.922  ;       ;             ;            ;       ;       ;
; Number of Logic Levels    ;        ; 2     ;             ;            ;       ;       ;
; Physical Delays           ;        ;       ;             ;            ;       ;       ;
;  Arrival Path             ;        ;       ;             ;            ;       ;       ;
;   Clock                   ;        ;       ;             ;            ;       ;       ;
;    Clock Network (Lumped) ;        ; 1     ; 8.171       ; 100        ; 8.171 ; 8.171 ;
;   Data                    ;        ;       ;             ;            ;       ;       ;
;    IC                     ;        ; 3     ; 2.013       ; 69         ; 0.273 ; 1.341 ;
;    Cell                   ;        ; 4     ; 0.909       ; 31         ; 0.000 ; 0.562 ;
;    uTco                   ;        ; 1     ; 0.000       ; 0          ; 0.000 ; 0.000 ;
;  Required Path            ;        ;       ;             ;            ;       ;       ;
;   Clock                   ;        ;       ;             ;            ;       ;       ;
;    Clock Network (Lumped) ;        ; 1     ; 0.000       ;            ; 0.000 ; 0.000 ;
+---------------------------+--------+-------+-------------+------------+-------+-------+
Note: Negative delays are omitted from totals when calculating percentages

+---------------------------------------------------------------------------------------------------------------------------------------------------------------------------------------------+
; Data Arrival Path                                                                                                                                                                           ;
+----------+---------+----+------+--------+----------------------+----------------------------------------------------------------------------------------------------------------------------+
; Total    ; Incr    ; RF ; Type ; Fanout ; Location             ; Element                                                                                                                    ;
+----------+---------+----+------+--------+----------------------+----------------------------------------------------------------------------------------------------------------------------+
; 0.000    ; 0.000   ;    ;      ;        ;                      ; launch edge time                                                                                                           ;
; 8.171    ; 8.171   ;    ;      ;        ;                      ; clock path                                                                                                                 ;
;   8.171  ;   8.171 ; R  ;      ;        ;                      ; clock network delay                                                                                                        ;
; 11.093   ; 2.922   ;    ;      ;        ;                      ; data path                                                                                                                  ;
;   8.171  ;   0.000 ;    ; uTco ; 32     ; M10K_X76_Y40_N0      ; dma_channel:u_ch1|dma_fifo:u_fifo|altsyncram:mem_rtl_0|altsyncram_smi1:auto_generated|ram_block1a0~PORT_B_WRITE_ENABLE_REG ;
;   8.426  ;   0.255 ; RF ; CELL ; 1      ; M10K_X76_Y40_N0      ; u_ch1|u_fifo|mem_rtl_0|auto_generated|ram_block1a0|portbdataout[29]                                                        ;
;   9.767  ;   1.341 ; FF ; IC   ; 1      ; LABCELL_X77_Y42_N33  ; u_ch1|u_fifo|mem~32|dataf                                                                                                  ;
;   9.859  ;   0.092 ; FF ; CELL ; 2      ; LABCELL_X77_Y42_N33  ; u_ch1|u_fifo|mem~32|combout                                                                                                ;
;   10.132 ;   0.273 ; FF ; IC   ; 1      ; LABCELL_X77_Y42_N36  ; u_mux|m_axi_wdata[29]~29|datac                                                                                             ;
;   10.694 ;   0.562 ; FF ; CELL ; 1      ; LABCELL_X77_Y42_N36  ; u_mux|m_axi_wdata[29]~29|combout                                                                                           ;
;   11.093 ;   0.399 ; FF ; IC   ; 1      ; MLABCELL_X78_Y42_N45 ; m_axi_wdata[29]|dataf                                                                                                      ;
;   11.093 ;   0.000 ; FF ; CELL ; 0      ; MLABCELL_X78_Y42_N45 ; m_axi_wdata[29]                                                                                                            ;
+----------+---------+----+------+--------+----------------------+----------------------------------------------------------------------------------------------------------------------------+

+--------------------------------------------------------------------------------------+
; Data Required Path                                                                   ;
+----------+---------+----+------+--------+----------------------+---------------------+
; Total    ; Incr    ; RF ; Type ; Fanout ; Location             ; Element             ;
+----------+---------+----+------+--------+----------------------+---------------------+
; 10.000   ; 10.000  ;    ;      ;        ;                      ; latch edge time     ;
; 10.000   ; 0.000   ;    ;      ;        ;                      ; clock path          ;
;   10.000 ;   0.000 ; R  ;      ;        ;                      ; clock network delay ;
; 9.940    ; -0.060  ;    ;      ;        ;                      ; clock uncertainty   ;
; 7.940    ; -2.000  ; F  ; oExt ; 0      ; MLABCELL_X78_Y42_N45 ; m_axi_wdata[29]     ;
+----------+---------+----+------+--------+----------------------+---------------------+

----------------------------
; Extra Fitter Information ;
----------------------------
HTML report is unavailable in plain text report export.


Path #5: Setup slack is -3.134 (VIOLATED)
===============================================================================
+-------------------------------------------------------------------------------------------------------------------------------------------------+
; Path Summary                                                                                                                                    ;
+--------------------+----------------------------------------------------------------------------------------------------------------------------+
; Property           ; Value                                                                                                                      ;
+--------------------+----------------------------------------------------------------------------------------------------------------------------+
; From Node          ; dma_channel:u_ch0|dma_fifo:u_fifo|altsyncram:mem_rtl_0|altsyncram_smi1:auto_generated|ram_block1a0~PORT_B_WRITE_ENABLE_REG ;
; To Node            ; m_axi_wdata[19]                                                                                                            ;
; Launch Clock       ; clk                                                                                                                        ;
; Latch Clock        ; clk                                                                                                                        ;
; Data Arrival Time  ; 11.074                                                                                                                     ;
; Data Required Time ; 7.940                                                                                                                      ;
; Slack              ; -3.134 (VIOLATED)                                                                                                          ;
+--------------------+----------------------------------------------------------------------------------------------------------------------------+

+---------------------------------------------------------------------------------------+
; Statistics                                                                            ;
+---------------------------+--------+-------+-------------+------------+-------+-------+
; Property                  ; Value  ; Count ; Total Delay ; % of Total ; Min   ; Max   ;
+---------------------------+--------+-------+-------------+------------+-------+-------+
; Setup Relationship        ; 10.000 ;       ;             ;            ;       ;       ;
; Clock Skew                ; -8.170 ;       ;             ;            ;       ;       ;
; Data Delay                ; 2.904  ;       ;             ;            ;       ;       ;
; Number of Logic Levels    ;        ; 2     ;             ;            ;       ;       ;
; Physical Delays           ;        ;       ;             ;            ;       ;       ;
;  Arrival Path             ;        ;       ;             ;            ;       ;       ;
;   Clock                   ;        ;       ;             ;            ;       ;       ;
;    Clock Network (Lumped) ;        ; 1     ; 8.170       ; 100        ; 8.170 ; 8.170 ;
;   Data                    ;        ;       ;             ;            ;       ;       ;
;    IC                     ;        ; 3     ; 1.790       ; 62         ; 0.247 ; 0.924 ;
;    Cell                   ;        ; 4     ; 1.114       ; 38         ; 0.000 ; 0.558 ;
;    uTco                   ;        ; 1     ; 0.000       ; 0          ; 0.000 ; 0.000 ;
;  Required Path            ;        ;       ;             ;            ;       ;       ;
;   Clock                   ;        ;       ;             ;            ;       ;       ;
;    Clock Network (Lumped) ;        ; 1     ; 0.000       ;            ; 0.000 ; 0.000 ;
+---------------------------+--------+-------+-------------+------------+-------+-------+
Note: Negative delays are omitted from totals when calculating percentages

+--------------------------------------------------------------------------------------------------------------------------------------------------------------------------------------------+
; Data Arrival Path                                                                                                                                                                          ;
+----------+---------+----+------+--------+---------------------+----------------------------------------------------------------------------------------------------------------------------+
; Total    ; Incr    ; RF ; Type ; Fanout ; Location            ; Element                                                                                                                    ;
+----------+---------+----+------+--------+---------------------+----------------------------------------------------------------------------------------------------------------------------+
; 0.000    ; 0.000   ;    ;      ;        ;                     ; launch edge time                                                                                                           ;
; 8.170    ; 8.170   ;    ;      ;        ;                     ; clock path                                                                                                                 ;
;   8.170  ;   8.170 ; R  ;      ;        ;                     ; clock network delay                                                                                                        ;
; 11.074   ; 2.904   ;    ;      ;        ;                     ; data path                                                                                                                  ;
;   8.170  ;   0.000 ;    ; uTco ; 32     ; M10K_X76_Y41_N0     ; dma_channel:u_ch0|dma_fifo:u_fifo|altsyncram:mem_rtl_0|altsyncram_smi1:auto_generated|ram_block1a0~PORT_B_WRITE_ENABLE_REG ;
;   8.311  ;   0.141 ; RF ; CELL ; 1      ; M10K_X76_Y41_N0     ; u_ch0|u_fifo|mem_rtl_0|auto_generated|ram_block1a0|portbdataout[19]                                                        ;
;   9.235  ;   0.924 ; FF ; IC   ; 1      ; LABCELL_X77_Y41_N12 ; u_ch0|u_fifo|mem~22|datad                                                                                                  ;
;   9.650  ;   0.415 ; FF ; CELL ; 2      ; LABCELL_X77_Y41_N12 ; u_ch0|u_fifo|mem~22|combout                                                                                                ;
;   9.897  ;   0.247 ; FF ; IC   ; 1      ; LABCELL_X77_Y41_N9  ; u_mux|m_axi_wdata[19]~19|datac                                                                                             ;
;   10.455 ;   0.558 ; FF ; CELL ; 1      ; LABCELL_X77_Y41_N9  ; u_mux|m_axi_wdata[19]~19|combout                                                                                           ;
;   11.074 ;   0.619 ; FF ; IC   ; 1      ; LABCELL_X74_Y41_N45 ; m_axi_wdata[19]|dataf                                                                                                      ;
;   11.074 ;   0.000 ; FF ; CELL ; 0      ; LABCELL_X74_Y41_N45 ; m_axi_wdata[19]                                                                                                            ;
+----------+---------+----+------+--------+---------------------+----------------------------------------------------------------------------------------------------------------------------+

+-------------------------------------------------------------------------------------+
; Data Required Path                                                                  ;
+----------+---------+----+------+--------+---------------------+---------------------+
; Total    ; Incr    ; RF ; Type ; Fanout ; Location            ; Element             ;
+----------+---------+----+------+--------+---------------------+---------------------+
; 10.000   ; 10.000  ;    ;      ;        ;                     ; latch edge time     ;
; 10.000   ; 0.000   ;    ;      ;        ;                     ; clock path          ;
;   10.000 ;   0.000 ; R  ;      ;        ;                     ; clock network delay ;
; 9.940    ; -0.060  ;    ;      ;        ;                     ; clock uncertainty   ;
; 7.940    ; -2.000  ; F  ; oExt ; 0      ; LABCELL_X74_Y41_N45 ; m_axi_wdata[19]     ;
+----------+---------+----+------+--------+---------------------+---------------------+

----------------------------
; Extra Fitter Information ;
----------------------------
HTML report is unavailable in plain text report export.


Path #6: Setup slack is -3.094 (VIOLATED)
===============================================================================
+-----------------------------------------------------------------------------+
; Path Summary                                                                ;
+--------------------+--------------------------------------------------------+
; Property           ; Value                                                  ;
+--------------------+--------------------------------------------------------+
; From Node          ; dma_channel:u_ch1|dma_fifo:u_fifo|mem_rtl_0_bypass[10] ;
; To Node            ; m_axi_wdata[22]                                        ;
; Launch Clock       ; clk                                                    ;
; Latch Clock        ; clk                                                    ;
; Data Arrival Time  ; 11.034                                                 ;
; Data Required Time ; 7.940                                                  ;
; Slack              ; -3.094 (VIOLATED)                                      ;
+--------------------+--------------------------------------------------------+

+---------------------------------------------------------------------------------------+
; Statistics                                                                            ;
+---------------------------+--------+-------+-------------+------------+-------+-------+
; Property                  ; Value  ; Count ; Total Delay ; % of Total ; Min   ; Max   ;
+---------------------------+--------+-------+-------------+------------+-------+-------+
; Setup Relationship        ; 10.000 ;       ;             ;            ;       ;       ;
; Clock Skew                ; -6.032 ;       ;             ;            ;       ;       ;
; Data Delay                ; 5.002  ;       ;             ;            ;       ;       ;
; Number of Logic Levels    ;        ; 3     ;             ;            ;       ;       ;
; Physical Delays           ;        ;       ;             ;            ;       ;       ;
;  Arrival Path             ;        ;       ;             ;            ;       ;       ;
;   Clock                   ;        ;       ;             ;            ;       ;       ;
;    Clock Network (Lumped) ;        ; 1     ; 6.032       ; 100        ; 6.032 ; 6.032 ;
;   Data                    ;        ;       ;             ;            ;       ;       ;
;    IC                     ;        ; 4     ; 3.363       ; 67         ; 0.405 ; 1.564 ;
;    Cell                   ;        ; 5     ; 1.639       ; 33         ; 0.000 ; 0.629 ;
;    uTco                   ;        ; 1     ; 0.000       ; 0          ; 0.000 ; 0.000 ;
;  Required Path            ;        ;       ;             ;            ;       ;       ;
;   Clock                   ;        ;       ;             ;            ;       ;       ;
;    Clock Network (Lumped) ;        ; 1     ; 0.000       ;            ; 0.000 ; 0.000 ;
+---------------------------+--------+-------+-------------+------------+-------+-------+
Note: Negative delays are omitted from totals when calculating percentages

+-------------------------------------------------------------------------------------------------------------------------+
; Data Arrival Path                                                                                                       ;
+----------+---------+----+------+--------+----------------------+--------------------------------------------------------+
; Total    ; Incr    ; RF ; Type ; Fanout ; Location             ; Element                                                ;
+----------+---------+----+------+--------+----------------------+--------------------------------------------------------+
; 0.000    ; 0.000   ;    ;      ;        ;                      ; launch edge time                                       ;
; 6.032    ; 6.032   ;    ;      ;        ;                      ; clock path                                             ;
;   6.032  ;   6.032 ; R  ;      ;        ;                      ; clock network delay                                    ;
; 11.034   ; 5.002   ;    ;      ;        ;                      ; data path                                              ;
;   6.032  ;   0.000 ;    ; uTco ; 1      ; FF_X72_Y39_N7        ; dma_channel:u_ch1|dma_fifo:u_fifo|mem_rtl_0_bypass[10] ;
;   6.032  ;   0.000 ; FF ; CELL ; 1      ; FF_X72_Y39_N7        ; u_ch1|u_fifo|mem_rtl_0_bypass[10]|q                    ;
;   6.777  ;   0.745 ; FF ; IC   ; 1      ; LABCELL_X74_Y39_N42  ; u_ch1|u_fifo|mem~2|datad                               ;
;   7.377  ;   0.600 ; FF ; CELL ; 32     ; LABCELL_X74_Y39_N42  ; u_ch1|u_fifo|mem~2|combout                             ;
;   8.941  ;   1.564 ; FF ; IC   ; 1      ; LABCELL_X77_Y40_N39  ; u_ch1|u_fifo|mem~25|dataa                              ;
;   9.570  ;   0.629 ; FF ; CELL ; 2      ; LABCELL_X77_Y40_N39  ; u_ch1|u_fifo|mem~25|combout                            ;
;   10.219 ;   0.649 ; FF ; IC   ; 1      ; LABCELL_X77_Y40_N24  ; u_mux|m_axi_wdata[22]~22|datad                         ;
;   10.629 ;   0.410 ; FF ; CELL ; 1      ; LABCELL_X77_Y40_N24  ; u_mux|m_axi_wdata[22]~22|combout                       ;
;   11.034 ;   0.405 ; FF ; IC   ; 1      ; MLABCELL_X78_Y40_N33 ; m_axi_wdata[22]|dataf                                  ;
;   11.034 ;   0.000 ; FF ; CELL ; 0      ; MLABCELL_X78_Y40_N33 ; m_axi_wdata[22]                                        ;
+----------+---------+----+------+--------+----------------------+--------------------------------------------------------+

+--------------------------------------------------------------------------------------+
; Data Required Path                                                                   ;
+----------+---------+----+------+--------+----------------------+---------------------+
; Total    ; Incr    ; RF ; Type ; Fanout ; Location             ; Element             ;
+----------+---------+----+------+--------+----------------------+---------------------+
; 10.000   ; 10.000  ;    ;      ;        ;                      ; latch edge time     ;
; 10.000   ; 0.000   ;    ;      ;        ;                      ; clock path          ;
;   10.000 ;   0.000 ; R  ;      ;        ;                      ; clock network delay ;
; 9.940    ; -0.060  ;    ;      ;        ;                      ; clock uncertainty   ;
; 7.940    ; -2.000  ; F  ; oExt ; 0      ; MLABCELL_X78_Y40_N33 ; m_axi_wdata[22]     ;
+----------+---------+----+------+--------+----------------------+---------------------+

----------------------------
; Extra Fitter Information ;
----------------------------
HTML report is unavailable in plain text report export.


Path #7: Setup slack is -3.091 (VIOLATED)
===============================================================================
+-------------------------------------------------------------------------------------------------------------------------------------------------+
; Path Summary                                                                                                                                    ;
+--------------------+----------------------------------------------------------------------------------------------------------------------------+
; Property           ; Value                                                                                                                      ;
+--------------------+----------------------------------------------------------------------------------------------------------------------------+
; From Node          ; dma_channel:u_ch0|dma_fifo:u_fifo|altsyncram:mem_rtl_0|altsyncram_smi1:auto_generated|ram_block1a0~PORT_B_WRITE_ENABLE_REG ;
; To Node            ; m_axi_wdata[17]                                                                                                            ;
; Launch Clock       ; clk                                                                                                                        ;
; Latch Clock        ; clk                                                                                                                        ;
; Data Arrival Time  ; 11.031                                                                                                                     ;
; Data Required Time ; 7.940                                                                                                                      ;
; Slack              ; -3.091 (VIOLATED)                                                                                                          ;
+--------------------+----------------------------------------------------------------------------------------------------------------------------+

+---------------------------------------------------------------------------------------+
; Statistics                                                                            ;
+---------------------------+--------+-------+-------------+------------+-------+-------+
; Property                  ; Value  ; Count ; Total Delay ; % of Total ; Min   ; Max   ;
+---------------------------+--------+-------+-------------+------------+-------+-------+
; Setup Relationship        ; 10.000 ;       ;             ;            ;       ;       ;
; Clock Skew                ; -8.170 ;       ;             ;            ;       ;       ;
; Data Delay                ; 2.861  ;       ;             ;            ;       ;       ;
; Number of Logic Levels    ;        ; 2     ;             ;            ;       ;       ;
; Physical Delays           ;        ;       ;             ;            ;       ;       ;
;  Arrival Path             ;        ;       ;             ;            ;       ;       ;
;   Clock                   ;        ;       ;             ;            ;       ;       ;
;    Clock Network (Lumped) ;        ; 1     ; 8.170       ; 100        ; 8.170 ; 8.170 ;
;   Data                    ;        ;       ;             ;            ;       ;       ;
;    IC                     ;        ; 3     ; 2.542       ; 89         ; 0.625 ; 1.004 ;
;    Cell                   ;        ; 4     ; 0.319       ; 11         ; 0.000 ; 0.140 ;
;    uTco                   ;        ; 1     ; 0.000       ; 0          ; 0.000 ; 0.000 ;
;  Required Path            ;        ;       ;             ;            ;       ;       ;
;   Clock                   ;        ;       ;             ;            ;       ;       ;
;    Clock Network (Lumped) ;        ; 1     ; 0.000       ;            ; 0.000 ; 0.000 ;
+---------------------------+--------+-------+-------------+------------+-------+-------+
Note: Negative delays are omitted from totals when calculating percentages

+---------------------------------------------------------------------------------------------------------------------------------------------------------------------------------------------+
; Data Arrival Path                                                                                                                                                                           ;
+----------+---------+----+------+--------+----------------------+----------------------------------------------------------------------------------------------------------------------------+
; Total    ; Incr    ; RF ; Type ; Fanout ; Location             ; Element                                                                                                                    ;
+----------+---------+----+------+--------+----------------------+----------------------------------------------------------------------------------------------------------------------------+
; 0.000    ; 0.000   ;    ;      ;        ;                      ; launch edge time                                                                                                           ;
; 8.170    ; 8.170   ;    ;      ;        ;                      ; clock path                                                                                                                 ;
;   8.170  ;   8.170 ; R  ;      ;        ;                      ; clock network delay                                                                                                        ;
; 11.031   ; 2.861   ;    ;      ;        ;                      ; data path                                                                                                                  ;
;   8.170  ;   0.000 ;    ; uTco ; 32     ; M10K_X76_Y41_N0      ; dma_channel:u_ch0|dma_fifo:u_fifo|altsyncram:mem_rtl_0|altsyncram_smi1:auto_generated|ram_block1a0~PORT_B_WRITE_ENABLE_REG ;
;   8.310  ;   0.140 ; RF ; CELL ; 1      ; M10K_X76_Y41_N0      ; u_ch0|u_fifo|mem_rtl_0|auto_generated|ram_block1a0|portbdataout[17]                                                        ;
;   9.223  ;   0.913 ; FF ; IC   ; 1      ; LABCELL_X77_Y41_N54  ; u_ch0|u_fifo|mem~20|dataf                                                                                                  ;
;   9.315  ;   0.092 ; FF ; CELL ; 2      ; LABCELL_X77_Y41_N54  ; u_ch0|u_fifo|mem~20|combout                                                                                                ;
;   10.319 ;   1.004 ; FF ; IC   ; 1      ; LABCELL_X77_Y40_N57  ; u_mux|m_axi_wdata[17]~17|dataf                                                                                             ;
;   10.406 ;   0.087 ; FF ; CELL ; 1      ; LABCELL_X77_Y40_N57  ; u_mux|m_axi_wdata[17]~17|combout                                                                                           ;
;   11.031 ;   0.625 ; FF ; IC   ; 1      ; MLABCELL_X78_Y40_N30 ; m_axi_wdata[17]|dataf                                                                                                      ;
;   11.031 ;   0.000 ; FF ; CELL ; 0      ; MLABCELL_X78_Y40_N30 ; m_axi_wdata[17]                                                                                                            ;
+----------+---------+----+------+--------+----------------------+----------------------------------------------------------------------------------------------------------------------------+

+--------------------------------------------------------------------------------------+
; Data Required Path                                                                   ;
+----------+---------+----+------+--------+----------------------+---------------------+
; Total    ; Incr    ; RF ; Type ; Fanout ; Location             ; Element             ;
+----------+---------+----+------+--------+----------------------+---------------------+
; 10.000   ; 10.000  ;    ;      ;        ;                      ; latch edge time     ;
; 10.000   ; 0.000   ;    ;      ;        ;                      ; clock path          ;
;   10.000 ;   0.000 ; R  ;      ;        ;                      ; clock network delay ;
; 9.940    ; -0.060  ;    ;      ;        ;                      ; clock uncertainty   ;
; 7.940    ; -2.000  ; F  ; oExt ; 0      ; MLABCELL_X78_Y40_N30 ; m_axi_wdata[17]     ;
+----------+---------+----+------+--------+----------------------+---------------------+

----------------------------
; Extra Fitter Information ;
----------------------------
HTML report is unavailable in plain text report export.


Path #8: Setup slack is -3.067 (VIOLATED)
===============================================================================
+-----------------------------------------------------------------------------+
; Path Summary                                                                ;
+--------------------+--------------------------------------------------------+
; Property           ; Value                                                  ;
+--------------------+--------------------------------------------------------+
; From Node          ; dma_channel:u_ch1|dma_fifo:u_fifo|mem_rtl_0_bypass[10] ;
; To Node            ; m_axi_wdata[1]                                         ;
; Launch Clock       ; clk                                                    ;
; Latch Clock        ; clk                                                    ;
; Data Arrival Time  ; 11.007                                                 ;
; Data Required Time ; 7.940                                                  ;
; Slack              ; -3.067 (VIOLATED)                                      ;
+--------------------+--------------------------------------------------------+

+---------------------------------------------------------------------------------------+
; Statistics                                                                            ;
+---------------------------+--------+-------+-------------+------------+-------+-------+
; Property                  ; Value  ; Count ; Total Delay ; % of Total ; Min   ; Max   ;
+---------------------------+--------+-------+-------------+------------+-------+-------+
; Setup Relationship        ; 10.000 ;       ;             ;            ;       ;       ;
; Clock Skew                ; -6.032 ;       ;             ;            ;       ;       ;
; Data Delay                ; 4.975  ;       ;             ;            ;       ;       ;
; Number of Logic Levels    ;        ; 3     ;             ;            ;       ;       ;
; Physical Delays           ;        ;       ;             ;            ;       ;       ;
;  Arrival Path             ;        ;       ;             ;            ;       ;       ;
;   Clock                   ;        ;       ;             ;            ;       ;       ;
;    Clock Network (Lumped) ;        ; 1     ; 6.032       ; 100        ; 6.032 ; 6.032 ;
;   Data                    ;        ;       ;             ;            ;       ;       ;
;    IC                     ;        ; 4     ; 3.659       ; 74         ; 0.391 ; 1.543 ;
;    Cell                   ;        ; 5     ; 1.316       ; 26         ; 0.000 ; 0.626 ;
;    uTco                   ;        ; 1     ; 0.000       ; 0          ; 0.000 ; 0.000 ;
;  Required Path            ;        ;       ;             ;            ;       ;       ;
;   Clock                   ;        ;       ;             ;            ;       ;       ;
;    Clock Network (Lumped) ;        ; 1     ; 0.000       ;            ; 0.000 ; 0.000 ;
+---------------------------+--------+-------+-------------+------------+-------+-------+
Note: Negative delays are omitted from totals when calculating percentages

+------------------------------------------------------------------------------------------------------------------------+
; Data Arrival Path                                                                                                      ;
+----------+---------+----+------+--------+---------------------+--------------------------------------------------------+
; Total    ; Incr    ; RF ; Type ; Fanout ; Location            ; Element                                                ;
+----------+---------+----+------+--------+---------------------+--------------------------------------------------------+
; 0.000    ; 0.000   ;    ;      ;        ;                     ; launch edge time                                       ;
; 6.032    ; 6.032   ;    ;      ;        ;                     ; clock path                                             ;
;   6.032  ;   6.032 ; R  ;      ;        ;                     ; clock network delay                                    ;
; 11.007   ; 4.975   ;    ;      ;        ;                     ; data path                                              ;
;   6.032  ;   0.000 ;    ; uTco ; 1      ; FF_X72_Y39_N7       ; dma_channel:u_ch1|dma_fifo:u_fifo|mem_rtl_0_bypass[10] ;
;   6.032  ;   0.000 ; FF ; CELL ; 1      ; FF_X72_Y39_N7       ; u_ch1|u_fifo|mem_rtl_0_bypass[10]|q                    ;
;   6.777  ;   0.745 ; FF ; IC   ; 1      ; LABCELL_X74_Y39_N42 ; u_ch1|u_fifo|mem~2|datad                               ;
;   7.377  ;   0.600 ; FF ; CELL ; 32     ; LABCELL_X74_Y39_N42 ; u_ch1|u_fifo|mem~2|combout                             ;
;   8.920  ;   1.543 ; FF ; IC   ; 1      ; LABCELL_X77_Y40_N18 ; u_ch1|u_fifo|mem~4|dataa                               ;
;   9.546  ;   0.626 ; FF ; CELL ; 2      ; LABCELL_X77_Y40_N18 ; u_ch1|u_fifo|mem~4|combout                             ;
;   10.526 ;   0.980 ; FF ; IC   ; 1      ; LABCELL_X75_Y41_N18 ; u_mux|m_axi_wdata[1]~1|dataf                           ;
;   10.616 ;   0.090 ; FF ; CELL ; 1      ; LABCELL_X75_Y41_N18 ; u_mux|m_axi_wdata[1]~1|combout                         ;
;   11.007 ;   0.391 ; FF ; IC   ; 1      ; LABCELL_X74_Y41_N9  ; m_axi_wdata[1]|dataf                                   ;
;   11.007 ;   0.000 ; FF ; CELL ; 0      ; LABCELL_X74_Y41_N9  ; m_axi_wdata[1]                                         ;
+----------+---------+----+------+--------+---------------------+--------------------------------------------------------+

+------------------------------------------------------------------------------------+
; Data Required Path                                                                 ;
+----------+---------+----+------+--------+--------------------+---------------------+
; Total    ; Incr    ; RF ; Type ; Fanout ; Location           ; Element             ;
+----------+---------+----+------+--------+--------------------+---------------------+
; 10.000   ; 10.000  ;    ;      ;        ;                    ; latch edge time     ;
; 10.000   ; 0.000   ;    ;      ;        ;                    ; clock path          ;
;   10.000 ;   0.000 ; R  ;      ;        ;                    ; clock network delay ;
; 9.940    ; -0.060  ;    ;      ;        ;                    ; clock uncertainty   ;
; 7.940    ; -2.000  ; F  ; oExt ; 0      ; LABCELL_X74_Y41_N9 ; m_axi_wdata[1]      ;
+----------+---------+----+------+--------+--------------------+---------------------+

----------------------------
; Extra Fitter Information ;
----------------------------
HTML report is unavailable in plain text report export.


Path #9: Setup slack is -3.060 (VIOLATED)
===============================================================================
+-----------------------------------------------------------------------------+
; Path Summary                                                                ;
+--------------------+--------------------------------------------------------+
; Property           ; Value                                                  ;
+--------------------+--------------------------------------------------------+
; From Node          ; dma_channel:u_ch1|dma_fifo:u_fifo|mem_rtl_0_bypass[10] ;
; To Node            ; m_axi_wdata[19]                                        ;
; Launch Clock       ; clk                                                    ;
; Latch Clock        ; clk                                                    ;
; Data Arrival Time  ; 11.000                                                 ;
; Data Required Time ; 7.940                                                  ;
; Slack              ; -3.060 (VIOLATED)                                      ;
+--------------------+--------------------------------------------------------+

+---------------------------------------------------------------------------------------+
; Statistics                                                                            ;
+---------------------------+--------+-------+-------------+------------+-------+-------+
; Property                  ; Value  ; Count ; Total Delay ; % of Total ; Min   ; Max   ;
+---------------------------+--------+-------+-------------+------------+-------+-------+
; Setup Relationship        ; 10.000 ;       ;             ;            ;       ;       ;
; Clock Skew                ; -6.032 ;       ;             ;            ;       ;       ;
; Data Delay                ; 4.968  ;       ;             ;            ;       ;       ;
; Number of Logic Levels    ;        ; 3     ;             ;            ;       ;       ;
; Physical Delays           ;        ;       ;             ;            ;       ;       ;
;  Arrival Path             ;        ;       ;             ;            ;       ;       ;
;   Clock                   ;        ;       ;             ;            ;       ;       ;
;    Clock Network (Lumped) ;        ; 1     ; 6.032       ; 100        ; 6.032 ; 6.032 ;
;   Data                    ;        ;       ;             ;            ;       ;       ;
;    IC                     ;        ; 4     ; 3.631       ; 73         ; 0.642 ; 1.564 ;
;    Cell                   ;        ; 5     ; 1.337       ; 27         ; 0.000 ; 0.640 ;
;    uTco                   ;        ; 1     ; 0.000       ; 0          ; 0.000 ; 0.000 ;
;  Required Path            ;        ;       ;             ;            ;       ;       ;
;   Clock                   ;        ;       ;             ;            ;       ;       ;
;    Clock Network (Lumped) ;        ; 1     ; 0.000       ;            ; 0.000 ; 0.000 ;
+---------------------------+--------+-------+-------------+------------+-------+-------+
Note: Negative delays are omitted from totals when calculating percentages

+------------------------------------------------------------------------------------------------------------------------+
; Data Arrival Path                                                                                                      ;
+----------+---------+----+------+--------+---------------------+--------------------------------------------------------+
; Total    ; Incr    ; RF ; Type ; Fanout ; Location            ; Element                                                ;
+----------+---------+----+------+--------+---------------------+--------------------------------------------------------+
; 0.000    ; 0.000   ;    ;      ;        ;                     ; launch edge time                                       ;
; 6.032    ; 6.032   ;    ;      ;        ;                     ; clock path                                             ;
;   6.032  ;   6.032 ; R  ;      ;        ;                     ; clock network delay                                    ;
; 11.000   ; 4.968   ;    ;      ;        ;                     ; data path                                              ;
;   6.032  ;   0.000 ;    ; uTco ; 1      ; FF_X72_Y39_N7       ; dma_channel:u_ch1|dma_fifo:u_fifo|mem_rtl_0_bypass[10] ;
;   6.032  ;   0.000 ; FF ; CELL ; 1      ; FF_X72_Y39_N7       ; u_ch1|u_fifo|mem_rtl_0_bypass[10]|q                    ;
;   6.777  ;   0.745 ; FF ; IC   ; 1      ; LABCELL_X74_Y39_N42 ; u_ch1|u_fifo|mem~2|datad                               ;
;   7.377  ;   0.600 ; FF ; CELL ; 32     ; LABCELL_X74_Y39_N42 ; u_ch1|u_fifo|mem~2|combout                             ;
;   8.941  ;   1.564 ; FF ; IC   ; 1      ; LABCELL_X77_Y40_N36 ; u_ch1|u_fifo|mem~22|dataa                              ;
;   9.581  ;   0.640 ; FR ; CELL ; 2      ; LABCELL_X77_Y40_N36 ; u_ch1|u_fifo|mem~22|combout                            ;
;   10.223 ;   0.642 ; RR ; IC   ; 1      ; LABCELL_X77_Y41_N9  ; u_mux|m_axi_wdata[19]~19|dataf                         ;
;   10.320 ;   0.097 ; RR ; CELL ; 1      ; LABCELL_X77_Y41_N9  ; u_mux|m_axi_wdata[19]~19|combout                       ;
;   11.000 ;   0.680 ; RR ; IC   ; 1      ; LABCELL_X74_Y41_N45 ; m_axi_wdata[19]|dataf                                  ;
;   11.000 ;   0.000 ; RR ; CELL ; 0      ; LABCELL_X74_Y41_N45 ; m_axi_wdata[19]                                        ;
+----------+---------+----+------+--------+---------------------+--------------------------------------------------------+

+-------------------------------------------------------------------------------------+
; Data Required Path                                                                  ;
+----------+---------+----+------+--------+---------------------+---------------------+
; Total    ; Incr    ; RF ; Type ; Fanout ; Location            ; Element             ;
+----------+---------+----+------+--------+---------------------+---------------------+
; 10.000   ; 10.000  ;    ;      ;        ;                     ; latch edge time     ;
; 10.000   ; 0.000   ;    ;      ;        ;                     ; clock path          ;
;   10.000 ;   0.000 ; R  ;      ;        ;                     ; clock network delay ;
; 9.940    ; -0.060  ;    ;      ;        ;                     ; clock uncertainty   ;
; 7.940    ; -2.000  ; R  ; oExt ; 0      ; LABCELL_X74_Y41_N45 ; m_axi_wdata[19]     ;
+----------+---------+----+------+--------+---------------------+---------------------+

----------------------------
; Extra Fitter Information ;
----------------------------
HTML report is unavailable in plain text report export.


Path #10: Setup slack is -3.057 (VIOLATED)
===============================================================================
+-------------------------------------------------------------------------------------------------------------------------------------------------+
; Path Summary                                                                                                                                    ;
+--------------------+----------------------------------------------------------------------------------------------------------------------------+
; Property           ; Value                                                                                                                      ;
+--------------------+----------------------------------------------------------------------------------------------------------------------------+
; From Node          ; dma_channel:u_ch0|dma_fifo:u_fifo|altsyncram:mem_rtl_0|altsyncram_smi1:auto_generated|ram_block1a0~PORT_B_WRITE_ENABLE_REG ;
; To Node            ; m_axi_wdata[7]                                                                                                             ;
; Launch Clock       ; clk                                                                                                                        ;
; Latch Clock        ; clk                                                                                                                        ;
; Data Arrival Time  ; 10.997                                                                                                                     ;
; Data Required Time ; 7.940                                                                                                                      ;
; Slack              ; -3.057 (VIOLATED)                                                                                                          ;
+--------------------+----------------------------------------------------------------------------------------------------------------------------+

+---------------------------------------------------------------------------------------+
; Statistics                                                                            ;
+---------------------------+--------+-------+-------------+------------+-------+-------+
; Property                  ; Value  ; Count ; Total Delay ; % of Total ; Min   ; Max   ;
+---------------------------+--------+-------+-------------+------------+-------+-------+
; Setup Relationship        ; 10.000 ;       ;             ;            ;       ;       ;
; Clock Skew                ; -8.170 ;       ;             ;            ;       ;       ;
; Data Delay                ; 2.827  ;       ;             ;            ;       ;       ;
; Number of Logic Levels    ;        ; 2     ;             ;            ;       ;       ;
; Physical Delays           ;        ;       ;             ;            ;       ;       ;
;  Arrival Path             ;        ;       ;             ;            ;       ;       ;
;   Clock                   ;        ;       ;             ;            ;       ;       ;
;    Clock Network (Lumped) ;        ; 1     ; 8.170       ; 100        ; 8.170 ; 8.170 ;
;   Data                    ;        ;       ;             ;            ;       ;       ;
;    IC                     ;        ; 3     ; 2.084       ; 74         ; 0.369 ; 1.040 ;
;    Cell                   ;        ; 4     ; 0.743       ; 26         ; 0.000 ; 0.448 ;
;    uTco                   ;        ; 1     ; 0.000       ; 0          ; 0.000 ; 0.000 ;
;  Required Path            ;        ;       ;             ;            ;       ;       ;
;   Clock                   ;        ;       ;             ;            ;       ;       ;
;    Clock Network (Lumped) ;        ; 1     ; 0.000       ;            ; 0.000 ; 0.000 ;
+---------------------------+--------+-------+-------------+------------+-------+-------+
Note: Negative delays are omitted from totals when calculating percentages

+--------------------------------------------------------------------------------------------------------------------------------------------------------------------------------------------+
; Data Arrival Path                                                                                                                                                                          ;
+----------+---------+----+------+--------+---------------------+----------------------------------------------------------------------------------------------------------------------------+
; Total    ; Incr    ; RF ; Type ; Fanout ; Location            ; Element                                                                                                                    ;
+----------+---------+----+------+--------+---------------------+----------------------------------------------------------------------------------------------------------------------------+
; 0.000    ; 0.000   ;    ;      ;        ;                     ; launch edge time                                                                                                           ;
; 8.170    ; 8.170   ;    ;      ;        ;                     ; clock path                                                                                                                 ;
;   8.170  ;   8.170 ; R  ;      ;        ;                     ; clock network delay                                                                                                        ;
; 10.997   ; 2.827   ;    ;      ;        ;                     ; data path                                                                                                                  ;
;   8.170  ;   0.000 ;    ; uTco ; 32     ; M10K_X76_Y41_N0     ; dma_channel:u_ch0|dma_fifo:u_fifo|altsyncram:mem_rtl_0|altsyncram_smi1:auto_generated|ram_block1a0~PORT_B_WRITE_ENABLE_REG ;
;   8.375  ;   0.205 ; RF ; CELL ; 1      ; M10K_X76_Y41_N0     ; u_ch0|u_fifo|mem_rtl_0|auto_generated|ram_block1a0|portbdataout[7]                                                         ;
;   9.415  ;   1.040 ; FF ; IC   ; 1      ; LABCELL_X77_Y41_N42 ; u_ch0|u_fifo|mem~10|dataf                                                                                                  ;
;   9.505  ;   0.090 ; FF ; CELL ; 2      ; LABCELL_X77_Y41_N42 ; u_ch0|u_fifo|mem~10|combout                                                                                                ;
;   10.180 ;   0.675 ; FF ; IC   ; 1      ; LABCELL_X75_Y41_N51 ; u_mux|m_axi_wdata[7]~7|datad                                                                                               ;
;   10.628 ;   0.448 ; FF ; CELL ; 1      ; LABCELL_X75_Y41_N51 ; u_mux|m_axi_wdata[7]~7|combout                                                                                             ;
;   10.997 ;   0.369 ; FF ; IC   ; 1      ; LABCELL_X74_Y41_N18 ; m_axi_wdata[7]|dataf                                                                                                       ;
;   10.997 ;   0.000 ; FF ; CELL ; 0      ; LABCELL_X74_Y41_N18 ; m_axi_wdata[7]                                                                                                             ;
+----------+---------+----+------+--------+---------------------+----------------------------------------------------------------------------------------------------------------------------+

+-------------------------------------------------------------------------------------+
; Data Required Path                                                                  ;
+----------+---------+----+------+--------+---------------------+---------------------+
; Total    ; Incr    ; RF ; Type ; Fanout ; Location            ; Element             ;
+----------+---------+----+------+--------+---------------------+---------------------+
; 10.000   ; 10.000  ;    ;      ;        ;                     ; latch edge time     ;
; 10.000   ; 0.000   ;    ;      ;        ;                     ; clock path          ;
;   10.000 ;   0.000 ; R  ;      ;        ;                     ; clock network delay ;
; 9.940    ; -0.060  ;    ;      ;        ;                     ; clock uncertainty   ;
; 7.940    ; -2.000  ; F  ; oExt ; 0      ; LABCELL_X74_Y41_N18 ; m_axi_wdata[7]      ;
+----------+---------+----+------+--------+---------------------+---------------------+

----------------------------
; Extra Fitter Information ;
----------------------------
HTML report is unavailable in plain text report export.


